=== Intelli3 Classifier CLI ===
[INFO] output='output'  docs=98  filename='instances_fragments_profile.ttl'
[INFO] MI_ORDER: 0:Linguistic, 1:Logical-Mathematical, 2:Spatial, 3:Musical, 4:Bodily-Kinesthetic, 5:Interpersonal, 6:Intrapersonal, 7:Naturalist

--- Ranking for P1-LING (Predominante Linguística) ---
01. score=0.8026  doc=urn:doc:158#vec-doc
02. score=0.7617  doc=urn:doc:324#vec-doc
03. score=0.7596  doc=urn:doc:7#vec-doc
04. score=0.7521  doc=urn:doc:8#vec-doc
05. score=0.7404  doc=urn:doc:10#vec-doc
06. score=0.6588  doc=urn:doc:155#vec-doc
07. score=0.6527  doc=urn:doc:144#vec-doc
08. score=0.5689  doc=urn:doc:6#vec-doc
09. score=0.5453  doc=urn:doc:2#vec-doc
10. score=0.5139  doc=urn:doc:258#vec-doc

--- Ranking for P2-LOG (Predominante Lógico-matemática) ---
01. score=0.8922  doc=urn:doc:56#vec-doc
02. score=0.8768  doc=urn:doc:49#vec-doc
03. score=0.8498  doc=urn:doc:175#vec-doc
04. score=0.8351  doc=urn:doc:249#vec-doc
05. score=0.8149  doc=urn:doc:142#vec-doc
06. score=0.8068  doc=urn:doc:325#vec-doc
07. score=0.8068  doc=urn:doc:58#vec-doc
08. score=0.7716  doc=urn:doc:11#vec-doc
09. score=0.7537  doc=urn:doc:319#vec-doc
10. score=0.7435  doc=urn:doc:173#vec-doc

--- Ranking for P3-ESP (Predominante Espacial) ---
01. score=0.7768  doc=urn:doc:113#vec-doc
02. score=0.7331  doc=urn:doc:144#vec-doc
03. score=0.7025  doc=urn:doc:116#vec-doc
04. score=0.6519  doc=urn:doc:57#vec-doc
05. score=0.6351  doc=urn:doc:49#vec-doc
06. score=0.6282  doc=urn:doc:46#vec-doc
07. score=0.5853  doc=urn:doc:55#vec-doc
08. score=0.5784  doc=urn:doc:7#vec-doc
09. score=0.5625  doc=urn:doc:107#vec-doc
10. score=0.5328  doc=urn:doc:103#vec-doc

--- Ranking for P4-CORP (Predominante Corporal-cinestésica) ---
01. score=0.9857  doc=urn:doc:177#vec-doc
02. score=0.9788  doc=urn:doc:114#vec-doc
03. score=0.9746  doc=urn:doc:149#vec-doc
04. score=0.9633  doc=urn:doc:53#vec-doc
05. score=0.9613  doc=urn:doc:171#vec-doc
06. score=0.9595  doc=urn:doc:180#vec-doc
07. score=0.9580  doc=urn:doc:168#vec-doc
08. score=0.9353  doc=urn:doc:146#vec-doc
09. score=0.9014  doc=urn:doc:5#vec-doc
10. score=0.8987  doc=urn:doc:2#vec-doc

--- Ranking for P5-MUS (Predominante Musical) ---
01. score=0.8347  doc=urn:doc:153#vec-doc
02. score=0.8321  doc=urn:doc:156#vec-doc
03. score=0.7733  doc=urn:doc:157#vec-doc
04. score=0.7266  doc=urn:doc:103#vec-doc
05. score=0.7170  doc=urn:doc:124#vec-doc
06. score=0.7106  doc=urn:doc:150#vec-doc
07. score=0.6275  doc=urn:doc:148#vec-doc
08. score=0.5740  doc=urn:doc:256#vec-doc
09. score=0.5503  doc=urn:doc:258#vec-doc
10. score=0.5501  doc=urn:doc:154#vec-doc

--- Ranking for P6-INTER (Predominante Interpessoal) ---
01. score=0.9797  doc=urn:doc:326#vec-doc
02. score=0.9528  doc=urn:doc:321#vec-doc
03. score=0.9498  doc=urn:doc:333#vec-doc
04. score=0.9200  doc=urn:doc:117#vec-doc
05. score=0.9019  doc=urn:doc:331#vec-doc
06. score=0.8915  doc=urn:doc:334#vec-doc
07. score=0.8145  doc=urn:doc:329#vec-doc
08. score=0.7744  doc=urn:doc:9#vec-doc
09. score=0.7723  doc=urn:doc:330#vec-doc
10. score=0.7409  doc=urn:doc:328#vec-doc

--- Ranking for P7-INTRA (Predominante Intrapessoal) ---
01. score=0.8834  doc=urn:doc:1#vec-doc
02. score=0.8154  doc=urn:doc:320#vec-doc
03. score=0.7592  doc=urn:doc:261#vec-doc
04. score=0.6892  doc=urn:doc:6#vec-doc
05. score=0.6631  doc=urn:doc:328#vec-doc
06. score=0.5938  doc=urn:doc:330#vec-doc
07. score=0.5715  doc=urn:doc:325#vec-doc
08. score=0.5429  doc=urn:doc:47#vec-doc
09. score=0.5002  doc=urn:doc:256#vec-doc
10. score=0.4759  doc=urn:doc:326#vec-doc

--- Ranking for P8-NAT (Predominante Naturalista) ---
01. score=0.9832  doc=urn:doc:13#vec-doc
02. score=0.9753  doc=urn:doc:152#vec-doc
03. score=0.9625  doc=urn:doc:251#vec-doc
04. score=0.9534  doc=urn:doc:259#vec-doc
05. score=0.9500  doc=urn:doc:159#vec-doc
06. score=0.9498  doc=urn:doc:255#vec-doc
07. score=0.9070  doc=urn:doc:262#vec-doc
08. score=0.8901  doc=urn:doc:332#vec-doc
09. score=0.8857  doc=urn:doc:154#vec-doc
10. score=0.8837  doc=urn:doc:172#vec-doc

--- Ranking for P9-HUM (Equilibrado – humanidades) ---
01. score=0.8406  doc=urn:doc:330#vec-doc
02. score=0.8318  doc=urn:doc:6#vec-doc
03. score=0.7848  doc=urn:doc:328#vec-doc
04. score=0.7828  doc=urn:doc:10#vec-doc
05. score=0.7650  doc=urn:doc:326#vec-doc
06. score=0.7401  doc=urn:doc:158#vec-doc
07. score=0.7372  doc=urn:doc:325#vec-doc
08. score=0.7282  doc=urn:doc:320#vec-doc
09. score=0.7271  doc=urn:doc:9#vec-doc
10. score=0.7214  doc=urn:doc:329#vec-doc

--- Ranking for P10-TEC (Equilibrado – ciência e tecnologia) ---
01. score=0.8955  doc=urn:doc:55#vec-doc
02. score=0.8700  doc=urn:doc:11#vec-doc
03. score=0.8673  doc=urn:doc:116#vec-doc
04. score=0.8584  doc=urn:doc:120#vec-doc
05. score=0.8408  doc=urn:doc:144#vec-doc
06. score=0.8402  doc=urn:doc:103#vec-doc
07. score=0.8396  doc=urn:doc:253#vec-doc
08. score=0.8295  doc=urn:doc:174#vec-doc
09. score=0.8180  doc=urn:doc:49#vec-doc
10. score=0.7992  doc=urn:doc:330#vec-doc

--- Ranking for P11-GLOB (Equilibrado – global) ---
01. score=0.9060  doc=urn:doc:6#vec-doc
02. score=0.8887  doc=urn:doc:330#vec-doc
03. score=0.8611  doc=urn:doc:256#vec-doc
04. score=0.8401  doc=urn:doc:116#vec-doc
05. score=0.8369  doc=urn:doc:329#vec-doc
06. score=0.8361  doc=urn:doc:4#vec-doc
07. score=0.8261  doc=urn:doc:103#vec-doc
08. score=0.8258  doc=urn:doc:328#vec-doc
09. score=0.8069  doc=urn:doc:174#vec-doc
10. score=0.8045  doc=urn:doc:253#vec-doc

[OK] Relatórios salvos em: /home/speck/Python/Intelli3Test/intelli3/reports_poc
